<html>
<body>
<pre>
<h1>µVision Build Log</h1>
<h2>Project:</h2>
C:\Users\Alex\Desktop\SCIENCE\ARM\ArchEVM_For_Labs\NewLabs\Labs\Example7\example7.uvproj
Project File Date:  07/28/2014

<h2>Output:</h2>
Build target 'Target 1'
compiling MAIN.C...
linking...
Program Size: Code=2344 RO-data=36 RW-data=12 ZI-data=1916  
".\example7.axf" - 0 Errors, 0 Warning(s).
Rebuild target 'Target 1'
compiling MAIN.C...
assembling LPC2300.s...
linking...
Program Size: Code=2344 RO-data=36 RW-data=12 ZI-data=1916  
".\example7.axf" - 0 Errors, 0 Warning(s).
Build target 'Target 1'
compiling MAIN.C...
linking...
Program Size: Code=2344 RO-data=36 RW-data=12 ZI-data=1916  
".\example7.axf" - 0 Errors, 0 Warning(s).
Rebuild target 'Target 1'
compiling MAIN.C...
assembling LPC2300.s...
linking...
Program Size: Code=2344 RO-data=36 RW-data=12 ZI-data=1916  
".\example7.axf" - 0 Errors, 0 Warning(s).
