<html>
<body>
<pre>
<h1>µVision Build Log</h1>
<h2>Project:</h2>
C:\Users\Alex\Desktop\SCIENCE\ARM\ArchEVM_For_Labs\NewLabs\Labs\Example5\example5.uvproj
Project File Date:  07/28/2014

<h2>Output:</h2>
Build target 'Target 1'
assembling LPC2300.s...
LPC2300.s: error: A1023E: File "LPC2300.s" could not be opened: No such file or directory
".\example5.axf" - 1 Errors, 0 Warning(s).
Target not created
Rebuild target 'Target 1'
assembling LPC2300.s...
LPC2300.s: error: A1023E: File "LPC2300.s" could not be opened: No such file or directory
".\example5.axf" - 1 Errors, 0 Warning(s).
Target not created
Build target 'Target 1'
assembling LPC2300.s...
LPC2300.s: error: A1023E: File "LPC2300.s" could not be opened: No such file or directory
".\example5.axf" - 1 Errors, 0 Warning(s).
Target not created
Rebuild target 'Target 1'
assembling LPC2300.s...
LPC2300.s: error: A1023E: File "LPC2300.s" could not be opened: No such file or directory
".\example5.axf" - 1 Errors, 0 Warning(s).
Target not created
Build target 'Target 1'
assembling LPC2300.s...
LPC2300.s: error: A1023E: File "LPC2300.s" could not be opened: No such file or directory
".\example5.axf" - 1 Errors, 0 Warning(s).
Target not created
Build target 'Target 1'
compiling MAIN.C...
linking...
Program Size: Code=1076 RO-data=32 RW-data=4 ZI-data=1388  
".\example5.axf" - 0 Errors, 0 Warning(s).
Rebuild target 'Target 1'
assembling LPC2300.s...
compiling MAIN.C...
linking...
Program Size: Code=1076 RO-data=32 RW-data=4 ZI-data=1388  
".\example5.axf" - 0 Errors, 0 Warning(s).
