<html>
<body>
<pre>
<h1>µVision Build Log</h1>
<h2>Project:</h2>
C:\Users\Alex\Desktop\SCIENCE\ARM\ArchEVM_For_Labs\NewLabs\Labs\Example8\CANTX.uvproj
Project File Date:  07/28/2014

<h2>Output:</h2>
Build target 'Target 1'
assembling LPC2400.s...
linking...
Program Size: Code=1316 RO-data=16 RW-data=8 ZI-data=1384  
".\CANTX.axf" - 0 Errors, 0 Warning(s).
Rebuild target 'Target 1'
compiling main.c...
main.c(60): warning:  #68-D: integer conversion resulted in a change of sign
assembling LPC2400.s...
linking...
Program Size: Code=1316 RO-data=16 RW-data=8 ZI-data=1384  
".\CANTX.axf" - 0 Errors, 1 Warning(s).
Build target 'Target 1'
compiling main.c...
main.c(60): warning:  #68-D: integer conversion resulted in a change of sign
linking...
Program Size: Code=1316 RO-data=16 RW-data=8 ZI-data=1384  
".\CANTX.axf" - 0 Errors, 1 Warning(s).
Rebuild target 'Target 1'
compiling main.c...
main.c(60): warning:  #68-D: integer conversion resulted in a change of sign
assembling LPC2400.s...
linking...
Program Size: Code=1316 RO-data=16 RW-data=8 ZI-data=1384  
".\CANTX.axf" - 0 Errors, 1 Warning(s).
Build target 'Target 1'
compiling main.c...
main.c(60): warning:  #68-D: integer conversion resulted in a change of sign
linking...
Program Size: Code=1320 RO-data=16 RW-data=8 ZI-data=1384  
".\CANTX.axf" - 0 Errors, 1 Warning(s).
Rebuild target 'Target 1'
compiling main.c...
main.c(60): warning:  #68-D: integer conversion resulted in a change of sign
assembling LPC2400.s...
linking...
Program Size: Code=1320 RO-data=16 RW-data=8 ZI-data=1384  
".\CANTX.axf" - 0 Errors, 1 Warning(s).
Build target 'Target 1'
compiling main.c...
main.c(60): warning:  #68-D: integer conversion resulted in a change of sign
linking...
Program Size: Code=1316 RO-data=16 RW-data=8 ZI-data=1384  
".\CANTX.axf" - 0 Errors, 1 Warning(s).
Rebuild target 'Target 1'
compiling main.c...
main.c(60): warning:  #68-D: integer conversion resulted in a change of sign
assembling LPC2400.s...
linking...
Program Size: Code=1316 RO-data=16 RW-data=8 ZI-data=1384  
".\CANTX.axf" - 0 Errors, 1 Warning(s).
Load "C:\\Users\\Alex\\Desktop\\SCIENCE\\ARM\\ArchEVM_For_Labs\\NewLabs\\Labs\\Example8\\CANTX.axf" 
Erase Done.
Programming Done.
Verify OK.
Application running ...
Build target 'Target 1'
linking...
Program Size: Code=1316 RO-data=16 RW-data=8 ZI-data=1384  
".\CANTX.axf" - 0 Errors, 0 Warning(s).
Rebuild target 'Target 1'
compiling main.c...
main.c(60): warning:  #68-D: integer conversion resulted in a change of sign
assembling LPC2400.s...
linking...
Program Size: Code=1316 RO-data=16 RW-data=8 ZI-data=1384  
".\CANTX.axf" - 0 Errors, 1 Warning(s).
Load "C:\\Users\\Alex\\Desktop\\SCIENCE\\ARM\\ArchEVM_For_Labs\\NewLabs\\Labs\\Example8\\CANTX.axf" 
Erase Done.
Programming Done.
Verify OK.
Application running ...
Build target 'Target 1'
compiling main.c...
main.c(127): warning:  #68-D: integer conversion resulted in a change of sign
linking...
Program Size: Code=1548 RO-data=16 RW-data=8 ZI-data=1384  
".\CANTX.axf" - 0 Errors, 1 Warning(s).
Rebuild target 'Target 1'
compiling main.c...
main.c(127): warning:  #68-D: integer conversion resulted in a change of sign
assembling LPC2400.s...
linking...
Program Size: Code=1548 RO-data=16 RW-data=8 ZI-data=1384  
".\CANTX.axf" - 0 Errors, 1 Warning(s).
Build target 'Target 1'
linking...
Program Size: Code=1548 RO-data=16 RW-data=8 ZI-data=1384  
".\CANTX.axf" - 0 Errors, 0 Warning(s).
Rebuild target 'Target 1'
compiling main.c...
main.c(127): warning:  #68-D: integer conversion resulted in a change of sign
assembling LPC2400.s...
linking...
Program Size: Code=1548 RO-data=16 RW-data=8 ZI-data=1384  
".\CANTX.axf" - 0 Errors, 1 Warning(s).
Load "C:\\Users\\Alex\\Desktop\\SCIENCE\\ARM\\ArchEVM_For_Labs\\NewLabs\\Labs\\Example8\\CANTX.axf" 
Erase Done.
Programming Done.
Verify OK.
Application running ...
Build target 'Target 1'
compiling main.c...
main.c(127): warning:  #68-D: integer conversion resulted in a change of sign
linking...
Program Size: Code=1548 RO-data=16 RW-data=8 ZI-data=1384  
".\CANTX.axf" - 0 Errors, 1 Warning(s).
Rebuild target 'Target 1'
compiling main.c...
main.c(127): warning:  #68-D: integer conversion resulted in a change of sign
assembling LPC2400.s...
linking...
Program Size: Code=1548 RO-data=16 RW-data=8 ZI-data=1384  
".\CANTX.axf" - 0 Errors, 1 Warning(s).
Load "C:\\Users\\Alex\\Desktop\\SCIENCE\\ARM\\ArchEVM_For_Labs\\NewLabs\\Labs\\Example8\\CANTX.axf" 
Erase Done.
Programming Done.
Verify OK.
Application running ...
Build target 'Target 1'
compiling main.c...
linking...
Program Size: Code=1352 RO-data=16 RW-data=4 ZI-data=1388  
".\CANTX.axf" - 0 Errors, 0 Warning(s).
Rebuild target 'Target 1'
compiling main.c...
assembling LPC2400.s...
linking...
Program Size: Code=1352 RO-data=16 RW-data=4 ZI-data=1388  
".\CANTX.axf" - 0 Errors, 0 Warning(s).
